src/components/academic/ExamForm.tsx(5,44): error TS2307: Cannot find module '@/lib/schemas/exam' or its corresponding type declarations.
src/components/academic/ExamForm.tsx(6,24): error TS2307: Cannot find module '@/components/ui/button' or its corresponding type declarations.
src/components/academic/ExamForm.tsx(7,23): error TS2307: Cannot find module '@/components/ui/input' or its corresponding type declarations.
src/components/academic/ExamForm.tsx(15,8): error TS2307: Cannot find module '@/components/ui/form' or its corresponding type declarations.
src/components/academic/ExamForm.tsx(16,25): error TS2307: Cannot find module '@/lib/schemas/student' or its corresponding type declarations.
src/components/academic/ExamForm.tsx(17,79): error TS2307: Cannot find module '@/components/ui/select' or its corresponding type declarations.
src/components/academic/ExamForm.tsx(20,35): error TS2307: Cannot find module '@/lib/actions/branch.action' or its corresponding type declarations.
src/components/academic/ExamForm.tsx(21,34): error TS2307: Cannot find module '@/lib/actions/exam.action' or its corresponding type declarations.
src/components/academic/ExamForm.tsx(22,58): error TS2307: Cannot find module '@/components/ui/card' or its corresponding type declarations.
src/components/academic/ExamForm.tsx(25,57): error TS2307: Cannot find module '@/components/ui/popover' or its corresponding type declarations.
src/components/academic/ExamForm.tsx(26,26): error TS2307: Cannot find module '@/components/ui/calendar' or its corresponding type declarations.
src/components/academic/ExamForm.tsx(27,20): error TS2307: Cannot find module '@/lib/utils' or its corresponding type declarations.
src/components/academic/ExamForm.tsx(76,9): error TS17004: Cannot use JSX unless the '--jsx' flag is provided.
src/components/academic/ExamForm.tsx(77,13): error TS17004: Cannot use JSX unless the '--jsx' flag is provided.
src/components/academic/ExamForm.tsx(78,17): error TS17004: Cannot use JSX unless the '--jsx' flag is provided.
src/components/academic/ExamForm.tsx(80,13): error TS17004: Cannot use JSX unless the '--jsx' flag is provided.
src/components/academic/ExamForm.tsx(81,17): error TS17004: Cannot use JSX unless the '--jsx' flag is provided.
src/components/academic/ExamForm.tsx(82,21): error TS17004: Cannot use JSX unless the '--jsx' flag is provided.
src/components/academic/ExamForm.tsx(83,25): error TS17004: Cannot use JSX unless the '--jsx' flag is provided.
src/components/academic/ExamForm.tsx(84,29): error TS17004: Cannot use JSX unless the '--jsx' flag is provided.
src/components/academic/ExamForm.tsx(88,37): error TS17004: Cannot use JSX unless the '--jsx' flag is provided.
src/components/academic/ExamForm.tsx(89,41): error TS17004: Cannot use JSX unless the '--jsx' flag is provided.
src/components/academic/ExamForm.tsx(90,41): error TS17004: Cannot use JSX unless the '--jsx' flag is provided.
src/components/academic/ExamForm.tsx(91,45): error TS17004: Cannot use JSX unless the '--jsx' flag is provided.
src/components/academic/ExamForm.tsx(93,41): error TS17004: Cannot use JSX unless the '--jsx' flag is provided.
src/components/academic/ExamForm.tsx(98,29): error TS17004: Cannot use JSX unless the '--jsx' flag is provided.
src/components/academic/ExamForm.tsx(102,37): error TS17004: Cannot use JSX unless the '--jsx' flag is provided.
src/components/academic/ExamForm.tsx(103,41): error TS17004: Cannot use JSX unless the '--jsx' flag is provided.
src/components/academic/ExamForm.tsx(104,41): error TS17004: Cannot use JSX unless the '--jsx' flag is provided.
src/components/academic/ExamForm.tsx(105,45): error TS17004: Cannot use JSX unless the '--jsx' flag is provided.
src/components/academic/ExamForm.tsx(106,49): error TS17004: Cannot use JSX unless the '--jsx' flag is provided.
src/components/academic/ExamForm.tsx(107,53): error TS17004: Cannot use JSX unless the '--jsx' flag is provided.
src/components/academic/ExamForm.tsx(110,45): error TS17004: Cannot use JSX unless the '--jsx' flag is provided.
src/components/academic/ExamForm.tsx(112,53): error TS17004: Cannot use JSX unless the '--jsx' flag is provided.
src/components/academic/ExamForm.tsx(116,41): error TS17004: Cannot use JSX unless the '--jsx' flag is provided.
src/components/academic/ExamForm.tsx(121,29): error TS17004: Cannot use JSX unless the '--jsx' flag is provided.
src/components/academic/ExamForm.tsx(125,37): error TS17004: Cannot use JSX unless the '--jsx' flag is provided.
src/components/academic/ExamForm.tsx(126,41): error TS17004: Cannot use JSX unless the '--jsx' flag is provided.
src/components/academic/ExamForm.tsx(127,41): error TS17004: Cannot use JSX unless the '--jsx' flag is provided.
src/components/academic/ExamForm.tsx(128,45): error TS17004: Cannot use JSX unless the '--jsx' flag is provided.
src/components/academic/ExamForm.tsx(130,41): error TS17004: Cannot use JSX unless the '--jsx' flag is provided.
src/components/academic/ExamForm.tsx(135,29): error TS17004: Cannot use JSX unless the '--jsx' flag is provided.
src/components/academic/ExamForm.tsx(139,37): error TS17004: Cannot use JSX unless the '--jsx' flag is provided.
src/components/academic/ExamForm.tsx(140,41): error TS17004: Cannot use JSX unless the '--jsx' flag is provided.
src/components/academic/ExamForm.tsx(141,41): error TS17004: Cannot use JSX unless the '--jsx' flag is provided.
src/components/academic/ExamForm.tsx(142,45): error TS17004: Cannot use JSX unless the '--jsx' flag is provided.
src/components/academic/ExamForm.tsx(143,49): error TS17004: Cannot use JSX unless the '--jsx' flag is provided.
src/components/academic/ExamForm.tsx(144,53): error TS17004: Cannot use JSX unless the '--jsx' flag is provided.
src/components/academic/ExamForm.tsx(154,61): error TS17004: Cannot use JSX unless the '--jsx' flag is provided.
src/components/academic/ExamForm.tsx(156,57): error TS17004: Cannot use JSX unless the '--jsx' flag is provided.
src/components/academic/ExamForm.tsx(160,45): error TS17004: Cannot use JSX unless the '--jsx' flag is provided.
src/components/academic/ExamForm.tsx(161,49): error TS17004: Cannot use JSX unless the '--jsx' flag is provided.
src/components/academic/ExamForm.tsx(172,41): error TS17004: Cannot use JSX unless the '--jsx' flag is provided.
src/components/academic/ExamForm.tsx(177,29): error TS17004: Cannot use JSX unless the '--jsx' flag is provided.
src/components/academic/ExamForm.tsx(181,37): error TS17004: Cannot use JSX unless the '--jsx' flag is provided.
src/components/academic/ExamForm.tsx(182,41): error TS17004: Cannot use JSX unless the '--jsx' flag is provided.
src/components/academic/ExamForm.tsx(183,41): error TS17004: Cannot use JSX unless the '--jsx' flag is provided.
src/components/academic/ExamForm.tsx(187,45): error TS17004: Cannot use JSX unless the '--jsx' flag is provided.
src/components/academic/ExamForm.tsx(188,49): error TS17004: Cannot use JSX unless the '--jsx' flag is provided.
src/components/academic/ExamForm.tsx(189,53): error TS17004: Cannot use JSX unless the '--jsx' flag is provided.
src/components/academic/ExamForm.tsx(192,45): error TS17004: Cannot use JSX unless the '--jsx' flag is provided.
src/components/academic/ExamForm.tsx(193,49): error TS17004: Cannot use JSX unless the '--jsx' flag is provided.
src/components/academic/ExamForm.tsx(195,53): error TS17004: Cannot use JSX unless the '--jsx' flag is provided.
src/components/academic/ExamForm.tsx(199,41): error TS17004: Cannot use JSX unless the '--jsx' flag is provided.
src/components/academic/ExamForm.tsx(204,29): error TS17004: Cannot use JSX unless the '--jsx' flag is provided.
src/components/academic/ExamForm.tsx(208,37): error TS17004: Cannot use JSX unless the '--jsx' flag is provided.
src/components/academic/ExamForm.tsx(209,41): error TS17004: Cannot use JSX unless the '--jsx' flag is provided.
src/components/academic/ExamForm.tsx(210,41): error TS17004: Cannot use JSX unless the '--jsx' flag is provided.
src/components/academic/ExamForm.tsx(211,45): error TS17004: Cannot use JSX unless the '--jsx' flag is provided.
src/components/academic/ExamForm.tsx(217,41): error TS17004: Cannot use JSX unless the '--jsx' flag is provided.
src/components/academic/ExamForm.tsx(222,29): error TS17004: Cannot use JSX unless the '--jsx' flag is provided.
src/components/academic/ExamForm.tsx(226,37): error TS17004: Cannot use JSX unless the '--jsx' flag is provided.
src/components/academic/ExamForm.tsx(227,41): error TS17004: Cannot use JSX unless the '--jsx' flag is provided.
src/components/academic/ExamForm.tsx(228,41): error TS17004: Cannot use JSX unless the '--jsx' flag is provided.
src/components/academic/ExamForm.tsx(229,45): error TS17004: Cannot use JSX unless the '--jsx' flag is provided.
src/components/academic/ExamForm.tsx(235,41): error TS17004: Cannot use JSX unless the '--jsx' flag is provided.
src/components/academic/ExamForm.tsx(241,25): error TS17004: Cannot use JSX unless the '--jsx' flag is provided.
src/components/academic/ExamForm.tsx(242,29): error TS17004: Cannot use JSX unless the '--jsx' flag is provided.
src/components/academic/ExamForm.tsx(243,49): error TS17004: Cannot use JSX unless the '--jsx' flag is provided.
